✔ 40HP original JSON matches pinned Git blob (2.23967ms)
✔ 40HP baked geometry retains all original vertices and indices (0.914831ms)
✔ 60HP original JSON matches pinned Git blob (0.317869ms)
✔ 60HP baked geometry retains all original vertices and indices (1.520189ms)
✔ source commit is pinned in data and frame parts (5.120784ms)
✔ 3U and 7U fixer exteriors remain source-size, not rectangular placeholders (0.239611ms)
✔ PCB fidelity is explicitly separate from source rail fidelity (0.101854ms)
✔ all four PCB parts are separate 1.6 mm layers with through holes (0.411501ms)
✔ 7U uses two 3U padders plus an unchanged 1U padder per side (0.298962ms)
✔ source padder-hole offsets were not recentered (0.240864ms)
✔ compact: actual per-tray rail / fixer / padder / spacer counts (1.234444ms)
✔ compact: all original rails receive proper rigid rotations only (1.419823ms)
✔ compact: 8 mm side space, 1 mm washer and 1.4 mm heads retained (0.840519ms)
✔ compact: source board reach drives the lid fit calculation (0.833177ms)
✔ compact: real mounting datums pass through the original fixer slot envelopes (0.7621ms)
✔ compact: dummy screw rows use the original mounting-rail axis datums (0.911636ms)
✔ compact: separated view preserves each layer thickness and rail mesh (1.615218ms)
✔ performance: actual per-tray rail / fixer / padder / spacer counts (0.897405ms)
✔ performance: all original rails receive proper rigid rotations only (0.62299ms)
✔ performance: 8 mm side space, 1 mm washer and 1.4 mm heads retained (0.923594ms)
✔ performance: source board reach drives the lid fit calculation (0.929502ms)
✔ performance: real mounting datums pass through the original fixer slot envelopes (0.388397ms)
✔ performance: dummy screw rows use the original mounting-rail axis datums (0.234223ms)
✔ performance: separated view preserves each layer thickness and rail mesh (1.306823ms)
✔ twin40: actual per-tray rail / fixer / padder / spacer counts (0.576069ms)
✔ twin40: all original rails receive proper rigid rotations only (0.554887ms)
✔ twin40: 8 mm side space, 1 mm washer and 1.4 mm heads retained (0.765865ms)
✔ twin40: source board reach drives the lid fit calculation (0.451081ms)
✔ twin40: real mounting datums pass through the original fixer slot envelopes (0.432794ms)
✔ twin40: dummy screw rows use the original mounting-rail axis datums (0.263047ms)
✔ twin40: separated view preserves each layer thickness and rail mesh (1.461797ms)
✔ B needs no invented 6U PCB: two original 3U assemblies remain 1 mm apart (0.277949ms)
✔ C legacy 48 mm lid fails without trimming the 7U PCB (0.959218ms)
✔ C default 70 mm lid leaves the full frame intact (0.156757ms)
✔ compact/straight/loose: closed meshes fit declared guarded envelope (75.695224ms)
✔ compact/straight/loose: eight views create finite triangle meshes (159.844677ms)
✔ compact/straight/loose: front gap and independent support unchanged (0.211339ms)
✔ compact/straight/hinged: closed meshes fit declared guarded envelope (61.849282ms)
✔ compact/straight/hinged: eight views create finite triangle meshes (165.63701ms)
✔ compact/straight/hinged: front gap and independent support unchanged (0.175124ms)
✔ compact/elbow/loose: closed meshes fit declared guarded envelope (38.503051ms)
✔ compact/elbow/loose: eight views create finite triangle meshes (121.480997ms)
✔ compact/elbow/loose: front gap and independent support unchanged (0.200152ms)
✔ compact/elbow/hinged: closed meshes fit declared guarded envelope (48.943222ms)
✔ compact/elbow/hinged: eight views create finite triangle meshes (151.884264ms)
✔ compact/elbow/hinged: front gap and independent support unchanged (0.169906ms)
✔ performance/straight/loose: closed meshes fit declared guarded envelope (67.123267ms)
✔ performance/straight/loose: eight views create finite triangle meshes (217.174143ms)
✔ performance/straight/loose: front gap and independent support unchanged (0.153672ms)
✔ performance/straight/hinged: closed meshes fit declared guarded envelope (68.030822ms)
✔ performance/straight/hinged: eight views create finite triangle meshes (239.544691ms)
✔ performance/straight/hinged: front gap and independent support unchanged (0.16572ms)
✔ performance/elbow/loose: closed meshes fit declared guarded envelope (63.759801ms)
✔ performance/elbow/loose: eight views create finite triangle meshes (229.233113ms)
✔ performance/elbow/loose: front gap and independent support unchanged (0.17208ms)
✔ performance/elbow/hinged: closed meshes fit declared guarded envelope (67.343158ms)
✔ performance/elbow/hinged: eight views create finite triangle meshes (249.017613ms)
✔ performance/elbow/hinged: front gap and independent support unchanged (0.53014ms)
✔ twin40/straight/loose: closed meshes fit declared guarded envelope (99.195507ms)
✔ twin40/straight/loose: eight views create finite triangle meshes (355.422446ms)
✔ twin40/straight/loose: front gap and independent support unchanged (0.372562ms)
✔ twin40/straight/hinged: closed meshes fit declared guarded envelope (108.242361ms)
✔ twin40/straight/hinged: eight views create finite triangle meshes (322.151577ms)
✔ twin40/straight/hinged: front gap and independent support unchanged (0.236156ms)
✔ twin40/elbow/loose: closed meshes fit declared guarded envelope (88.342692ms)
✔ twin40/elbow/loose: eight views create finite triangle meshes (311.626316ms)
✔ twin40/elbow/loose: front gap and independent support unchanged (0.500175ms)
✔ twin40/elbow/hinged: closed meshes fit declared guarded envelope (92.582637ms)
✔ twin40/elbow/hinged: eight views create finite triangle meshes (317.667519ms)
✔ twin40/elbow/hinged: front gap and independent support unchanged (0.180412ms)
✔ compact/1.5/6: stand pack and locators clear the source-frame bounds (0.98657ms)
✔ compact/1.5/8: stand pack and locators clear the source-frame bounds (0.908851ms)
✔ compact/1.5/10: stand pack and locators clear the source-frame bounds (0.561187ms)
✔ compact/2/6: stand pack and locators clear the source-frame bounds (0.468547ms)
✔ compact/2/8: stand pack and locators clear the source-frame bounds (0.497632ms)
✔ compact/2/10: stand pack and locators clear the source-frame bounds (0.780288ms)
✔ compact/2.5/6: stand pack and locators clear the source-frame bounds (0.556009ms)
✔ compact/2.5/8: stand pack and locators clear the source-frame bounds (0.506434ms)
✔ compact/2.5/10: stand pack and locators clear the source-frame bounds (0.469508ms)
✔ performance/1.5/6: stand pack and locators clear the source-frame bounds (0.491392ms)
✔ performance/1.5/8: stand pack and locators clear the source-frame bounds (0.677112ms)
✔ performance/1.5/10: stand pack and locators clear the source-frame bounds (0.522319ms)
✔ performance/2/6: stand pack and locators clear the source-frame bounds (0.633446ms)
✔ performance/2/8: stand pack and locators clear the source-frame bounds (0.392753ms)
✔ performance/2/10: stand pack and locators clear the source-frame bounds (0.414936ms)
✔ performance/2.5/6: stand pack and locators clear the source-frame bounds (0.378141ms)
✔ performance/2.5/8: stand pack and locators clear the source-frame bounds (0.454066ms)
✔ performance/2.5/10: stand pack and locators clear the source-frame bounds (0.435868ms)
✔ twin40/1.5/6: stand pack and locators clear the source-frame bounds (0.484191ms)
✔ twin40/1.5/8: stand pack and locators clear the source-frame bounds (1.406893ms)
✔ twin40/1.5/10: stand pack and locators clear the source-frame bounds (0.537201ms)
✔ twin40/2/6: stand pack and locators clear the source-frame bounds (0.423099ms)
✔ twin40/2/8: stand pack and locators clear the source-frame bounds (0.365011ms)
✔ twin40/2/10: stand pack and locators clear the source-frame bounds (0.463329ms)
✔ twin40/2.5/6: stand pack and locators clear the source-frame bounds (0.617392ms)
✔ twin40/2.5/8: stand pack and locators clear the source-frame bounds (0.724944ms)
✔ twin40/2.5/10: stand pack and locators clear the source-frame bounds (0.621027ms)
✔ new seat 4/0.25: source-frame-aware return and locating shoe (0.573135ms)
✔ new seat 4/0.6: source-frame-aware return and locating shoe (0.327254ms)
✔ new seat 4/1.2: source-frame-aware return and locating shoe (0.315336ms)
✔ new seat 6/0.25: source-frame-aware return and locating shoe (0.366833ms)
✔ new seat 6/0.6: source-frame-aware return and locating shoe (0.266262ms)
✔ new seat 6/1.2: source-frame-aware return and locating shoe (0.257399ms)
✔ new seat 10/0.25: source-frame-aware return and locating shoe (0.258941ms)
✔ new seat 10/0.6: source-frame-aware return and locating shoe (0.285982ms)
✔ new seat 10/1.2: source-frame-aware return and locating shoe (0.320474ms)
✔ compact: trunk budget includes guarded fasteners and separate stand sleeve (0.153782ms)
✔ performance: trunk budget includes guarded fasteners and separate stand sleeve (0.169195ms)
✔ twin40: trunk budget includes guarded fasteners and separate stand sleeve (0.135315ms)
✔ default B dimensions and reduced locator intrusion (0.177027ms)
✔ small trunk and impossible patch gap produce negative margins (0.137758ms)
✔ source rails do not mutate when other thickness, depth or pose inputs change (120.164149ms)
✔ known purchased hinge dimensions are retained independently of frame update (1.584932ms)
✔ opposed closed panels and 45 degree playing pose remain independent placements (0.182956ms)
✔ patch endpoints remain attached; no fixed-length cable claim (0.827639ms)
✔ F5 setup retains provenance and separates layout from approval (0.290869ms)
✔ invalid state rejected without remaking a source frame (0.471111ms)
ℹ tests 117
ℹ suites 0
ℹ pass 117
ℹ fail 0
ℹ cancelled 0
ℹ skipped 0
ℹ todo 0
ℹ duration_ms 4026.345017
