✔ two clean generations agree, manifest covers payloads, GLBs reload correct metre/Y bounds, source is unchanged (16519.685001ms)
✔ immutable F5 subset receipts match every retained original (7.747192ms)
✔ canonical saved contours including cutouts are preserved without fitting (5.945563ms)
✔ canonical placement axes and padder translations, explicit R6 fallback (0.653646ms)
✔ source hashes resolve to current immutable repository bytes (1.149464ms)
✔ F5 adapter and TW roundtrip: A-elbow-hinged-F5.json (6.07919ms)
✔ F5 adapter and TW roundtrip: A-elbow-loose-F5.json (1.142704ms)
✔ F5 adapter and TW roundtrip: A-frame-F5.json (1.101212ms)
✔ F5 adapter and TW roundtrip: A-straight-hinged-F5.json (0.895462ms)
✔ F5 adapter and TW roundtrip: A-straight-loose-F5.json (0.806407ms)
✔ F5 adapter and TW roundtrip: B-elbow-hinged-F5.json (1.211358ms)
✔ F5 adapter and TW roundtrip: B-elbow-loose-F5.json (0.638173ms)
✔ F5 adapter and TW roundtrip: B-frame-F5.json (0.716882ms)
✔ F5 adapter and TW roundtrip: B-straight-hinged-F5.json (0.686676ms)
✔ F5 adapter and TW roundtrip: B-straight-loose-F5.json (0.612214ms)
✔ F5 adapter and TW roundtrip: C-elbow-hinged-F5.json (1.279311ms)
✔ F5 adapter and TW roundtrip: C-elbow-loose-F5.json (0.511682ms)
✔ F5 adapter and TW roundtrip: C-frame-F5.json (0.580696ms)
✔ F5 adapter and TW roundtrip: C-straight-hinged-F5.json (0.633346ms)
✔ F5 adapter and TW roundtrip: C-straight-loose-F5.json (0.495718ms)
✔ untrusted metadata and unknown state properties cannot inject derived approvals or URLs (0.864425ms)
✔ invalid imports preserve caller state and reject wrong family/schema/types/missing fields (2.705133ms)
✔ study rejects duplicate/unknown identifiers, non-finite and approval data (0.452132ms)
✔ unknown physical gates remain null and not approved (0.293833ms)
✔ negative geometry is valid input with resolver diagnostics, no silent clamp (0.360795ms)
✔ 40HP original JSON matches pinned Git blob (2.255664ms)
✔ 40HP baked geometry retains all original vertices and indices (1.032899ms)
✔ 60HP original JSON matches pinned Git blob (0.281946ms)
✔ 60HP baked geometry retains all original vertices and indices (0.275987ms)
✔ source commit is pinned in data and frame parts (7.490545ms)
✔ 3U and 7U fixer exteriors remain source-size, not rectangular placeholders (0.348376ms)
✔ PCB fidelity is explicitly separate from source rail fidelity (0.133721ms)
✔ all four PCB parts are separate 1.6 mm layers with through holes (1.694066ms)
✔ 7U uses two 3U padders plus an unchanged 1U padder per side (0.361896ms)
✔ source padder-hole offsets were not recentered (0.274334ms)
✔ compact: actual per-tray rail / fixer / padder / spacer counts (3.759704ms)
✔ compact: all original rails receive proper rigid rotations only (0.933699ms)
✔ compact: 8 mm side space, 1 mm washer and 1.4 mm heads retained (0.936984ms)
✔ compact: source board reach drives the lid fit calculation (1.279351ms)
✔ compact: real mounting datums pass through the original fixer slot envelopes (0.784915ms)
✔ compact: dummy screw rows use the original mounting-rail axis datums (0.940309ms)
✔ compact: separated view preserves each layer thickness and rail mesh (1.380294ms)
✔ performance: actual per-tray rail / fixer / padder / spacer counts (1.354705ms)
✔ performance: all original rails receive proper rigid rotations only (1.047541ms)
✔ performance: 8 mm side space, 1 mm washer and 1.4 mm heads retained (1.229025ms)
✔ performance: source board reach drives the lid fit calculation (0.907009ms)
✔ performance: real mounting datums pass through the original fixer slot envelopes (0.422267ms)
✔ performance: dummy screw rows use the original mounting-rail axis datums (0.320764ms)
✔ performance: separated view preserves each layer thickness and rail mesh (2.231488ms)
✔ twin40: actual per-tray rail / fixer / padder / spacer counts (2.409457ms)
✔ twin40: all original rails receive proper rigid rotations only (2.372251ms)
✔ twin40: 8 mm side space, 1 mm washer and 1.4 mm heads retained (2.143725ms)
✔ twin40: source board reach drives the lid fit calculation (1.869722ms)
✔ twin40: real mounting datums pass through the original fixer slot envelopes (0.72257ms)
✔ twin40: dummy screw rows use the original mounting-rail axis datums (0.686616ms)
✔ twin40: separated view preserves each layer thickness and rail mesh (3.69044ms)
✔ B needs no invented 6U PCB: two original 3U assemblies remain 1 mm apart (0.365231ms)
✔ C legacy 48 mm lid fails without trimming the 7U PCB (2.157226ms)
✔ C default 70 mm lid leaves the full frame intact (0.295336ms)
✔ compact/straight/loose: closed meshes fit declared guarded envelope (114.691646ms)
✔ compact/straight/loose: eight views create finite triangle meshes (225.761997ms)
✔ compact/straight/loose: front gap and independent support unchanged (0.333643ms)
✔ compact/straight/hinged: closed meshes fit declared guarded envelope (62.093864ms)
✔ compact/straight/hinged: eight views create finite triangle meshes (175.157734ms)
✔ compact/straight/hinged: front gap and independent support unchanged (0.267264ms)
✔ compact/elbow/loose: closed meshes fit declared guarded envelope (47.703976ms)
✔ compact/elbow/loose: eight views create finite triangle meshes (158.579914ms)
✔ compact/elbow/loose: front gap and independent support unchanged (0.186612ms)
✔ compact/elbow/hinged: closed meshes fit declared guarded envelope (53.961551ms)
✔ compact/elbow/hinged: eight views create finite triangle meshes (197.330328ms)
✔ compact/elbow/hinged: front gap and independent support unchanged (0.1788ms)
✔ performance/straight/loose: closed meshes fit declared guarded envelope (92.92897ms)
✔ performance/straight/loose: eight views create finite triangle meshes (297.158727ms)
✔ performance/straight/loose: front gap and independent support unchanged (0.187212ms)
✔ performance/straight/hinged: closed meshes fit declared guarded envelope (100.892304ms)
✔ performance/straight/hinged: eight views create finite triangle meshes (345.154016ms)
✔ performance/straight/hinged: front gap and independent support unchanged (0.176316ms)
✔ performance/elbow/loose: closed meshes fit declared guarded envelope (117.670249ms)
✔ performance/elbow/loose: eight views create finite triangle meshes (314.756381ms)
✔ performance/elbow/loose: front gap and independent support unchanged (0.166832ms)
✔ performance/elbow/hinged: closed meshes fit declared guarded envelope (98.686419ms)
✔ performance/elbow/hinged: eight views create finite triangle meshes (340.574324ms)
✔ performance/elbow/hinged: front gap and independent support unchanged (0.374405ms)
✔ twin40/straight/loose: closed meshes fit declared guarded envelope (206.725212ms)
✔ twin40/straight/loose: eight views create finite triangle meshes (566.352659ms)
✔ twin40/straight/loose: front gap and independent support unchanged (0.186922ms)
✔ twin40/straight/hinged: closed meshes fit declared guarded envelope (139.180428ms)
✔ twin40/straight/hinged: eight views create finite triangle meshes (529.243413ms)
✔ twin40/straight/hinged: front gap and independent support unchanged (0.295106ms)
✔ twin40/elbow/loose: closed meshes fit declared guarded envelope (137.375013ms)
✔ twin40/elbow/loose: eight views create finite triangle meshes (552.313136ms)
✔ twin40/elbow/loose: front gap and independent support unchanged (0.190177ms)
✔ twin40/elbow/hinged: closed meshes fit declared guarded envelope (148.742089ms)
✔ twin40/elbow/hinged: eight views create finite triangle meshes (632.927024ms)
✔ twin40/elbow/hinged: front gap and independent support unchanged (0.330279ms)
✔ compact/1.5/6: stand pack and locators clear the source-frame bounds (1.21951ms)
✔ compact/1.5/8: stand pack and locators clear the source-frame bounds (0.969664ms)
✔ compact/1.5/10: stand pack and locators clear the source-frame bounds (0.890033ms)
✔ compact/2/6: stand pack and locators clear the source-frame bounds (0.877284ms)
✔ compact/2/8: stand pack and locators clear the source-frame bounds (0.792967ms)
✔ compact/2/10: stand pack and locators clear the source-frame bounds (0.92104ms)
✔ compact/2.5/6: stand pack and locators clear the source-frame bounds (0.75599ms)
✔ compact/2.5/8: stand pack and locators clear the source-frame bounds (0.829221ms)
✔ compact/2.5/10: stand pack and locators clear the source-frame bounds (0.823613ms)
✔ performance/1.5/6: stand pack and locators clear the source-frame bounds (1.733176ms)
✔ performance/1.5/8: stand pack and locators clear the source-frame bounds (0.794078ms)
✔ performance/1.5/10: stand pack and locators clear the source-frame bounds (0.838455ms)
✔ performance/2/6: stand pack and locators clear the source-frame bounds (0.87468ms)
✔ performance/2/8: stand pack and locators clear the source-frame bounds (0.694909ms)
✔ performance/2/10: stand pack and locators clear the source-frame bounds (0.664082ms)
✔ performance/2.5/6: stand pack and locators clear the source-frame bounds (0.4036ms)
✔ performance/2.5/8: stand pack and locators clear the source-frame bounds (0.426334ms)
✔ performance/2.5/10: stand pack and locators clear the source-frame bounds (0.422938ms)
✔ twin40/1.5/6: stand pack and locators clear the source-frame bounds (0.411351ms)
✔ twin40/1.5/8: stand pack and locators clear the source-frame bounds (0.447015ms)
✔ twin40/1.5/10: stand pack and locators clear the source-frame bounds (0.380905ms)
✔ twin40/2/6: stand pack and locators clear the source-frame bounds (0.402006ms)
✔ twin40/2/8: stand pack and locators clear the source-frame bounds (0.374255ms)
✔ twin40/2/10: stand pack and locators clear the source-frame bounds (0.467786ms)
✔ twin40/2.5/6: stand pack and locators clear the source-frame bounds (0.389738ms)
✔ twin40/2.5/8: stand pack and locators clear the source-frame bounds (0.489899ms)
✔ twin40/2.5/10: stand pack and locators clear the source-frame bounds (0.420855ms)
✔ new seat 4/0.25: source-frame-aware return and locating shoe (0.465893ms)
✔ new seat 4/0.6: source-frame-aware return and locating shoe (0.337629ms)
✔ new seat 4/1.2: source-frame-aware return and locating shoe (0.334766ms)
✔ new seat 6/0.25: source-frame-aware return and locating shoe (0.334725ms)
✔ new seat 6/0.6: source-frame-aware return and locating shoe (0.282086ms)
✔ new seat 6/1.2: source-frame-aware return and locating shoe (0.26531ms)
✔ new seat 10/0.25: source-frame-aware return and locating shoe (0.310869ms)
✔ new seat 10/0.6: source-frame-aware return and locating shoe (0.274043ms)
✔ new seat 10/1.2: source-frame-aware return and locating shoe (0.264489ms)
✔ compact: trunk budget includes guarded fasteners and separate stand sleeve (0.166511ms)
✔ performance: trunk budget includes guarded fasteners and separate stand sleeve (0.134042ms)
✔ twin40: trunk budget includes guarded fasteners and separate stand sleeve (0.098108ms)
✔ default B dimensions and reduced locator intrusion (0.272011ms)
✔ small trunk and impossible patch gap produce negative margins (0.160823ms)
✔ source rails do not mutate when other thickness, depth or pose inputs change (174.472703ms)
✔ known purchased hinge dimensions are retained independently of frame update (2.185889ms)
✔ opposed closed panels and 45 degree playing pose remain independent placements (0.232151ms)
✔ patch endpoints remain attached; no fixed-length cable claim (0.882202ms)
✔ TW-01 setup retains provenance and separates layout from approval (0.337109ms)
✔ invalid state rejected without remaking a source frame (1.009303ms)
ℹ tests 142
ℹ suites 0
ℹ pass 142
ℹ fail 0
ℹ cancelled 0
ℹ skipped 0
ℹ todo 0
ℹ duration_ms 16628.586904
