(node:65) Warning: node:test run() is being called recursively within a test file. skipping running files.
(Use `node --trace-warnings ...` to show where the warning was created)
✔ two clean generations agree, manifest covers payloads, GLBs reload correct metre/Y bounds, source is unchanged (16727.234092ms)
✔ immutable F5 subset receipts match every retained original (8.730946ms)
✔ canonical saved contours including cutouts are preserved without fitting (5.504103ms)
✔ canonical placement axes and padder translations, explicit R6 fallback (0.72929ms)
✔ source hashes resolve to current immutable repository bytes (1.26562ms)
✔ F5 adapter and TW roundtrip: A-elbow-hinged-F5.json (6.390375ms)
✔ F5 adapter and TW roundtrip: A-elbow-loose-F5.json (1.548446ms)
✔ F5 adapter and TW roundtrip: A-frame-F5.json (3.275382ms)
✔ F5 adapter and TW roundtrip: A-straight-hinged-F5.json (0.878465ms)
✔ F5 adapter and TW roundtrip: A-straight-loose-F5.json (4.053742ms)
✔ F5 adapter and TW roundtrip: B-elbow-hinged-F5.json (5.613641ms)
✔ F5 adapter and TW roundtrip: B-elbow-loose-F5.json (5.336713ms)
✔ F5 adapter and TW roundtrip: B-frame-F5.json (0.908631ms)
✔ F5 adapter and TW roundtrip: B-straight-hinged-F5.json (4.629917ms)
✔ F5 adapter and TW roundtrip: B-straight-loose-F5.json (1.23213ms)
✔ F5 adapter and TW roundtrip: C-elbow-hinged-F5.json (2.434734ms)
✔ F5 adapter and TW roundtrip: C-elbow-loose-F5.json (1.247612ms)
✔ F5 adapter and TW roundtrip: C-frame-F5.json (2.373311ms)
✔ F5 adapter and TW roundtrip: C-straight-hinged-F5.json (3.484358ms)
✔ F5 adapter and TW roundtrip: C-straight-loose-F5.json (0.648419ms)
✔ untrusted metadata and unknown state properties cannot inject derived approvals or URLs (2.585612ms)
✔ invalid imports preserve caller state and reject wrong family/schema/types/missing fields (4.893134ms)
✔ study rejects duplicate/unknown identifiers, non-finite and approval data (0.875601ms)
✔ unknown physical gates remain null and not approved (0.316318ms)
✔ negative geometry is valid input with resolver diagnostics, no silent clamp (0.6432ms)
✔ 40HP original JSON matches pinned Git blob (2.15433ms)
✔ 40HP baked geometry retains all original vertices and indices (1.013679ms)
✔ 60HP original JSON matches pinned Git blob (0.455707ms)
✔ 60HP baked geometry retains all original vertices and indices (0.27195ms)
✔ source commit is pinned in data and frame parts (6.431001ms)
✔ 3U and 7U fixer exteriors remain source-size, not rectangular placeholders (0.274764ms)
✔ PCB fidelity is explicitly separate from source rail fidelity (0.096706ms)
✔ all four PCB parts are separate 1.6 mm layers with through holes (1.134781ms)
✔ 7U uses two 3U padders plus an unchanged 1U padder per side (0.278721ms)
✔ source padder-hole offsets were not recentered (0.236797ms)
✔ compact: actual per-tray rail / fixer / padder / spacer counts (1.911774ms)
✔ compact: all original rails receive proper rigid rotations only (1.006519ms)
✔ compact: 8 mm side space, 1 mm washer and 1.4 mm heads retained (1.218569ms)
✔ compact: source board reach drives the lid fit calculation (0.898345ms)
✔ compact: real mounting datums pass through the original fixer slot envelopes (0.595858ms)
✔ compact: dummy screw rows use the original mounting-rail axis datums (0.937584ms)
✔ compact: separated view preserves each layer thickness and rail mesh (1.248583ms)
✔ performance: actual per-tray rail / fixer / padder / spacer counts (0.929663ms)
✔ performance: all original rails receive proper rigid rotations only (0.96086ms)
✔ performance: 8 mm side space, 1 mm washer and 1.4 mm heads retained (0.767628ms)
✔ performance: source board reach drives the lid fit calculation (0.978477ms)
✔ performance: real mounting datums pass through the original fixer slot envelopes (0.593655ms)
✔ performance: dummy screw rows use the original mounting-rail axis datums (0.221475ms)
✔ performance: separated view preserves each layer thickness and rail mesh (2.37927ms)
✔ twin40: actual per-tray rail / fixer / padder / spacer counts (2.474062ms)
✔ twin40: all original rails receive proper rigid rotations only (2.257716ms)
✔ twin40: 8 mm side space, 1 mm washer and 1.4 mm heads retained (1.614445ms)
✔ twin40: source board reach drives the lid fit calculation (1.917453ms)
✔ twin40: real mounting datums pass through the original fixer slot envelopes (0.819937ms)
✔ twin40: dummy screw rows use the original mounting-rail axis datums (0.208405ms)
✔ twin40: separated view preserves each layer thickness and rail mesh (3.077732ms)
✔ B needs no invented 6U PCB: two original 3U assemblies remain 1 mm apart (0.313974ms)
✔ C legacy 48 mm lid fails without trimming the 7U PCB (1.844142ms)
✔ C default 70 mm lid leaves the full frame intact (0.402267ms)
✔ compact/straight/loose: closed meshes fit declared guarded envelope (126.665662ms)
✔ compact/straight/loose: eight views create finite triangle meshes (216.50285ms)
✔ compact/straight/loose: front gap and independent support unchanged (0.220342ms)
✔ compact/straight/hinged: closed meshes fit declared guarded envelope (64.619602ms)
✔ compact/straight/hinged: eight views create finite triangle meshes (245.228623ms)
✔ compact/straight/hinged: front gap and independent support unchanged (0.217448ms)
✔ compact/elbow/loose: closed meshes fit declared guarded envelope (43.378219ms)
✔ compact/elbow/loose: eight views create finite triangle meshes (202.83838ms)
✔ compact/elbow/loose: front gap and independent support unchanged (0.188305ms)
✔ compact/elbow/hinged: closed meshes fit declared guarded envelope (76.65864ms)
✔ compact/elbow/hinged: eight views create finite triangle meshes (213.411159ms)
✔ compact/elbow/hinged: front gap and independent support unchanged (0.285681ms)
✔ performance/straight/loose: closed meshes fit declared guarded envelope (106.22675ms)
✔ performance/straight/loose: eight views create finite triangle meshes (428.692726ms)
✔ performance/straight/loose: front gap and independent support unchanged (0.183687ms)
✔ performance/straight/hinged: closed meshes fit declared guarded envelope (120.586749ms)
✔ performance/straight/hinged: eight views create finite triangle meshes (341.024061ms)
✔ performance/straight/hinged: front gap and independent support unchanged (0.230418ms)
✔ performance/elbow/loose: closed meshes fit declared guarded envelope (82.188585ms)
✔ performance/elbow/loose: eight views create finite triangle meshes (303.333035ms)
✔ performance/elbow/loose: front gap and independent support unchanged (0.17894ms)
✔ performance/elbow/hinged: closed meshes fit declared guarded envelope (106.337082ms)
✔ performance/elbow/hinged: eight views create finite triangle meshes (362.711163ms)
✔ performance/elbow/hinged: front gap and independent support unchanged (0.286622ms)
✔ twin40/straight/loose: closed meshes fit declared guarded envelope (160.02971ms)
✔ twin40/straight/loose: eight views create finite triangle meshes (701.377522ms)
✔ twin40/straight/loose: front gap and independent support unchanged (0.267153ms)
✔ twin40/straight/hinged: closed meshes fit declared guarded envelope (164.104309ms)
✔ twin40/straight/hinged: eight views create finite triangle meshes (701.522527ms)
✔ twin40/straight/hinged: front gap and independent support unchanged (0.395466ms)
✔ twin40/elbow/loose: closed meshes fit declared guarded envelope (226.417258ms)
✔ twin40/elbow/loose: eight views create finite triangle meshes (590.811233ms)
✔ twin40/elbow/loose: front gap and independent support unchanged (0.206942ms)
✔ twin40/elbow/hinged: closed meshes fit declared guarded envelope (183.949956ms)
✔ twin40/elbow/hinged: eight views create finite triangle meshes (531.440405ms)
✔ twin40/elbow/hinged: front gap and independent support unchanged (0.180212ms)
✔ compact/1.5/6: stand pack and locators clear the source-frame bounds (0.799036ms)
✔ compact/1.5/8: stand pack and locators clear the source-frame bounds (0.772355ms)
✔ compact/1.5/10: stand pack and locators clear the source-frame bounds (0.520125ms)
✔ compact/2/6: stand pack and locators clear the source-frame bounds (0.500976ms)
✔ compact/2/8: stand pack and locators clear the source-frame bounds (0.569679ms)
✔ compact/2/10: stand pack and locators clear the source-frame bounds (0.508478ms)
✔ compact/2.5/6: stand pack and locators clear the source-frame bounds (0.524481ms)
✔ compact/2.5/8: stand pack and locators clear the source-frame bounds (0.465423ms)
✔ compact/2.5/10: stand pack and locators clear the source-frame bounds (0.671252ms)
✔ performance/1.5/6: stand pack and locators clear the source-frame bounds (0.478802ms)
✔ performance/1.5/8: stand pack and locators clear the source-frame bounds (0.489449ms)
✔ performance/1.5/10: stand pack and locators clear the source-frame bounds (0.455587ms)
✔ performance/2/6: stand pack and locators clear the source-frame bounds (0.509209ms)
✔ performance/2/8: stand pack and locators clear the source-frame bounds (0.420635ms)
✔ performance/2/10: stand pack and locators clear the source-frame bounds (0.430038ms)
✔ performance/2.5/6: stand pack and locators clear the source-frame bounds (0.542859ms)
✔ performance/2.5/8: stand pack and locators clear the source-frame bounds (0.392612ms)
✔ performance/2.5/10: stand pack and locators clear the source-frame bounds (0.377339ms)
✔ twin40/1.5/6: stand pack and locators clear the source-frame bounds (0.430149ms)
✔ twin40/1.5/8: stand pack and locators clear the source-frame bounds (1.315124ms)
✔ twin40/1.5/10: stand pack and locators clear the source-frame bounds (0.466444ms)
✔ twin40/2/6: stand pack and locators clear the source-frame bounds (0.380033ms)
✔ twin40/2/8: stand pack and locators clear the source-frame bounds (0.375166ms)
✔ twin40/2/10: stand pack and locators clear the source-frame bounds (0.542118ms)
✔ twin40/2.5/6: stand pack and locators clear the source-frame bounds (0.932437ms)
✔ twin40/2.5/8: stand pack and locators clear the source-frame bounds (0.474035ms)
✔ twin40/2.5/10: stand pack and locators clear the source-frame bounds (0.420845ms)
✔ new seat 4/0.25: source-frame-aware return and locating shoe (0.472373ms)
✔ new seat 4/0.6: source-frame-aware return and locating shoe (0.320974ms)
✔ new seat 4/1.2: source-frame-aware return and locating shoe (0.383699ms)
✔ new seat 6/0.25: source-frame-aware return and locating shoe (0.34472ms)
✔ new seat 6/0.6: source-frame-aware return and locating shoe (0.280232ms)
✔ new seat 6/1.2: source-frame-aware return and locating shoe (0.260153ms)
✔ new seat 10/0.25: source-frame-aware return and locating shoe (0.275055ms)
✔ new seat 10/0.6: source-frame-aware return and locating shoe (0.28458ms)
✔ new seat 10/1.2: source-frame-aware return and locating shoe (0.305751ms)
✔ compact: trunk budget includes guarded fasteners and separate stand sleeve (0.160673ms)
✔ performance: trunk budget includes guarded fasteners and separate stand sleeve (0.098198ms)
✔ twin40: trunk budget includes guarded fasteners and separate stand sleeve (0.126912ms)
✔ default B dimensions and reduced locator intrusion (0.239801ms)
✔ small trunk and impossible patch gap produce negative margins (0.224579ms)
✔ source rails do not mutate when other thickness, depth or pose inputs change (180.355928ms)
✔ known purchased hinge dimensions are retained independently of frame update (1.94206ms)
✔ opposed closed panels and 45 degree playing pose remain independent placements (0.383699ms)
✔ patch endpoints remain attached; no fixed-length cable claim (1.343166ms)
✔ TW-01 setup retains provenance and separates layout from approval (0.504701ms)
✔ invalid state rejected without remaking a source frame (0.452653ms)
ℹ tests 142
ℹ suites 0
ℹ pass 142
ℹ fail 0
ℹ cancelled 0
ℹ skipped 0
ℹ todo 0
ℹ duration_ms 16849.209216
